SIMULATION SUMMARY

Simulation:
	Steps: 10000
	Number of chains: 1
	Number of algorithms: 5
	Verbose: true
	Started on 2026-09-03T14:48:45.904

System:
	Number of particles: 3000
	Dimensions: 3
	Cell: [13.572088082974531, 13.572088082974531, 13.572088082974531]
	Density: 1.2
	Temperature: 2.0
	Neighbour list: LinkedList

Algorithms:
	Metropolis
		Calls: 10000
		MC steps per simulation step: 3000
		Seed: 10
		Parallel: false
		Moves:
			Move 1:
				Action: Displacement
				Policy: SimpleGaussian
				Parameters: [0.05]
				Weight: 0.8
			Move 2:
				Action: MoleculeFlip
				Policy: DoubleUniform
				Parameters: Float64[]
				Weight: 0.2
	Arianna.StoreCallbacks
		Calls: 10000
	Arianna.StoreAcceptance
		Calls: 10
	Arianna.StoreLastFrames
		Calls: 1
	Arianna.PrintTimeSteps
		Calls: 10000

Report:
	Simulation time: 353.1252275 s
	Simulation size: 0.4767484664916992 MB
	Status: Completed on 2026-09-03T14:54:40.166
