SIMULATION SUMMARY

Simulation:
	Steps: 50
	Number of chains: 1
	Number of algorithms: 6
	Verbose: true
	Started on 2026-09-03T16:18:12.739

System:
	Number of particles: 3000
	Dimensions: 3
	Cell: [13.572088082974531, 13.572088082974531, 13.572088082974531]
	Density: 1.2
	Temperature: 1.0
	Neighbour list: LinkedList

Algorithms:
	Metropolis
		Calls: 50
		MC steps per simulation step: 3000
		Seed: 10
		Parallel: false
		Moves:
			Move 1:
				Action: Displacement
				Policy: SimpleGaussian
				Parameters: [0.05]
				Weight: 0.8
			Move 2:
				Action: MoleculeFlip
				Policy: DoubleUniform
				Parameters: Float64[]
				Weight: 0.2
	Arianna.StoreCallbacks
		Calls: 1
	Arianna.StoreAcceptance
		Calls: 1
	Arianna.StoreLastFrames
		Calls: 1
	Arianna.StoreTrajectories
		Calls: 1
	Arianna.PrintTimeSteps
		Calls: 1

Report:
	Simulation time: 5.1752225 s
	Simulation size: 0.3183708190917969 MB
	Status: Completed on 2026-09-03T16:18:19.353
